// Jest Snapshot v1, https://goo.gl/fbAQLP

exports[`should render ExpenseListItem correctly 1`] = `
<div>
  <NavLink
    activeClassName="active"
    aria-current="page"
    to="/edit/1"
  >
    <h3>
      Gum
    </h3>
  </NavLink>
  <p>
    â‚¹1.95
    -
    Jan 1st, 1970
  </p>
</div>
`;
