// Jest Snapshot v1, https://goo.gl/fbAQLP

exports[`should render NotFoundPage correctly 1`] = `
<div>
  <p>
    Page not found 404!
  </p>
  <p>
    <NavLink
      activeClassName="active"
      aria-current="page"
      to="/"
    >
      Go Home
    </NavLink>
  </p>
</div>
`;
